================================================================================
HR SYSTEM - DATABASE VERIFICATION
================================================================================
Expected Database:  E:\backoup\25-2-2026\core\hr.db
Active Database:    E:\backoup\25-2-2026\core\hr.db
Database Exists:    True

[OK] Database path verified - using core/hr.db
================================================================================
nizam al-mawared al-bashariya - Flask Edition
================================================================================
URL: http://127.0.0.1:5000
================================================================================

 * Serving Flask app 'app'
 * Debug mode: on
================================================================================
HR SYSTEM - DATABASE VERIFICATION
================================================================================
Expected Database:  E:\backoup\25-2-2026\core\hr.db
Active Database:    E:\backoup\25-2-2026\core\hr.db
Database Exists:    True

[OK] Database path verified - using core/hr.db
================================================================================
nizam al-mawared al-bashariya - Flask Edition
================================================================================
URL: http://127.0.0.1:5000
================================================================================

================================================================================
HR SYSTEM - DATABASE VERIFICATION
================================================================================
Expected Database:  E:\backoup\25-2-2026\core\hr.db
Active Database:    E:\backoup\25-2-2026\core\hr.db
Database Exists:    True

[OK] Database path verified - using core/hr.db
================================================================================
nizam al-mawared al-bashariya - Flask Edition
================================================================================
URL: http://127.0.0.1:5000
================================================================================

================================================================================
HR SYSTEM - DATABASE VERIFICATION
================================================================================
Expected Database:  E:\backoup\25-2-2026\core\hr.db
Active Database:    E:\backoup\25-2-2026\core\hr.db
Database Exists:    True

[OK] Database path verified - using core/hr.db
================================================================================
nizam al-mawared al-bashariya - Flask Edition
================================================================================
URL: http://127.0.0.1:5000
================================================================================

================================================================================
HR SYSTEM - DATABASE VERIFICATION
================================================================================
Expected Database:  E:\backoup\25-2-2026\core\hr.db
Active Database:    E:\backoup\25-2-2026\core\hr.db
Database Exists:    True

[OK] Database path verified - using core/hr.db
================================================================================
nizam al-mawared al-bashariya - Flask Edition
================================================================================
URL: http://127.0.0.1:5000
================================================================================

================================================================================
HR SYSTEM - DATABASE VERIFICATION
================================================================================
Expected Database:  E:\backoup\25-2-2026\core\hr.db
Active Database:    E:\backoup\25-2-2026\core\hr.db
Database Exists:    True

[OK] Database path verified - using core/hr.db
================================================================================
nizam al-mawared al-bashariya - Flask Edition
================================================================================
URL: http://127.0.0.1:5000
================================================================================

