test_01_create_test_data (__main__.CashAccountButtonsTest.test_01_create_test_data)
Test 1: Create test data ... ok
test_02_dashboard_has_buttons (__main__.CashAccountButtonsTest.test_02_dashboard_has_buttons)
Test 2: Dashboard has cash account buttons ... ok
test_03_general_account_transfer_button (__main__.CashAccountButtonsTest.test_03_general_account_transfer_button)
Test 3: General account has transfer button ... ok
test_04_subsidiary_receive_button (__main__.CashAccountButtonsTest.test_04_subsidiary_receive_button)
Test 4: Subsidiary account has receive button ... ok
test_05_receipt_button_with_cash_id (__main__.CashAccountButtonsTest.test_05_receipt_button_with_cash_id)
Test 5: Receipt button passes cash_id ... ok
test_06_payment_button_with_cash_id (__main__.CashAccountButtonsTest.test_06_payment_button_with_cash_id)
Test 6: Payment button passes cash_id ... ok
test_07_edit_button (__main__.CashAccountButtonsTest.test_07_edit_button)
Test 7: Edit button exists ... ok
test_08_delete_button (__main__.CashAccountButtonsTest.test_08_delete_button)
Test 8: Delete button exists ... ok
test_09_voucher_preselects_cash (__main__.CashAccountButtonsTest.test_09_voucher_preselects_cash)
Test 9: Voucher form pre-selects cash ... d:\H.R\app\routes\treasury.py:328: LegacyAPIWarning: The Query.get() method is considered legacy as of the 1.x series of SQLAlchemy and becomes a legacy construct in 2.0. The method is now available as Session.get() (deprecated since: 2.0) (Background on SQLAlchemy 2.0 at: https://sqlalche.me/e/b8d9)
  selected_cash = db_session.query(CashAccount).get(cash_id)
ok
test_10_transfer_preselects_account (__main__.CashAccountButtonsTest.test_10_transfer_preselects_account)
Test 10: Transfer form pre-selects account ... d:\H.R\app\routes\treasury.py:460: LegacyAPIWarning: The Query.get() method is considered legacy as of the 1.x series of SQLAlchemy and becomes a legacy construct in 2.0. The method is now available as Session.get() (deprecated since: 2.0) (Background on SQLAlchemy 2.0 at: https://sqlalche.me/e/b8d9)
  selected_account = db_session.query(CashAccount).get(from_account)
ok
test_11_button_group_structure (__main__.CashAccountButtonsTest.test_11_button_group_structure)
Test 11: Buttons grouped properly ... ok
test_12_icons_present (__main__.CashAccountButtonsTest.test_12_icons_present)
Test 12: Button icons present ... ok

----------------------------------------------------------------------
Ran 12 tests in 2.730s

OK

======================================================================
Testing Cash Account Buttons
======================================================================

[TEST 1] Create test data
   PASS: Test data created
   - General ID: 7
   - Subsidiary ID: 8

[TEST 2] Dashboard has buttons
   PASS: Found 86 buttons

[TEST 3] General account transfer button
   PASS: Found 5 transfer links

[TEST 4] Subsidiary account receive button
   PASS: Found 4 receive links

[TEST 5] Receipt button with cash_id
   PASS: Found 8 receipt links

[TEST 6] Payment button with cash_id
   PASS: Found 8 payment links

[TEST 7] Edit button exists
   PASS: Found 8 edit buttons

[TEST 8] Delete button exists
   PASS: Found 8 delete buttons

[TEST 9] Voucher form pre-selects cash
   PASS: Cash is pre-selected in voucher form

[TEST 10] Transfer form pre-selects account
   PASS: Account is pre-selected in transfer form

[TEST 11] Button group structure
   PASS: Found 8 button groups

[TEST 12] Button icons present
   PASS: Found 5 icon types
